// Jest Snapshot v1, https://goo.gl/fbAQLP

exports[`InputError should match snapshot 1`] = `
<div
  className="to-input-error"
>
  Test Error
</div>
`;
